=== CLI: --capabilities (exit 0) ===
{"contract_version": "specmesh.port.v1-draft", "profile_version": "specmesh.snapshot.v1", "read_only": true, "supported": true, "snapshot": "revalidate_content_and_git", "closeout": "external_verification_required"}

=== CLI: legacy request without --handoff (exit 0) ===
{"contract_version": "specmesh.port.v1-draft", "observed_head": "d393c548a2a58989d65e6cdbd60a36e9a81a444f", "status": "pass", "findings": [{"code": "uncommitted_project_fact", "severity": "warning", "path": "PROJECT.md", "message": "Working bytes or index differ from HEAD; preserve this state. Git content filters are not executed."}, {"code": "uncommitted_project_fact", "severity": "warning", "path": "docs/DECISIONS.md", "message": "Working bytes or index differ from HEAD; preserve this state. Git content filters are not executed."}, {"code": "uncommitted_project_fact", "severity": "warning", "path": "plans/bounded-delivery/task_plan.md", "message": "Working bytes or index differ from HEAD; preserve this state. Git content filters are not executed."}, {"code": "uncommitted_project_fact", "severity": "warning", "path": "plans/bounded-delivery/findings.md", "message": "Working bytes or index differ from HEAD; preserve this state. Git content filters are not executed."}, {"code": "uncommitted_project_fact", "severity": "warning", "path": "plans/bounded-delivery/progress.md", "message": "Working bytes or index differ from HEAD; preserve this state. Git content filters are not executed."}], "references": [{"path": "AGENTS.md", "sha256": "726c0403f33b670fe6053ab6c79888afd729f503cc15e6a2995ebb9fa7c93e9f", "authority": "asserted_candidate", "tracked": true, "modified": false}, {"path": "PROJECT.md", "sha256": "ef0cb65455997f3be966a5f9d5ae58d68ec476e8c9e38f81a9f19d3ad0616b60", "authority": "asserted_candidate", "tracked": true, "modified": true}, {"path": "docs/ARCHITECTURE.md", "sha256": "6b9c729f38114ca7e2551f95ebf85277042289e9a392e62c7a98cc5d4c34f3bb", "authority": "asserted_candidate", "tracked": true, "modified": false}, {"path": "docs/DECISIONS.md", "sha256": "a708500c9bff00de1bb8ff40897beaa79685f2254fa00f2cb5a152d4ddf5466d", "authority": "asserted_candidate", "tracked": true, "modified": true}, {"path": "plans/bounded-delivery/task_plan.md", "sha256": "dea43a58bf30ab99c82800a3c9ce0436d7a95e4c1ffde4ff88c207de16e7fc68", "authority": "asserted_candidate", "tracked": false, "modified": true}, {"path": "plans/bounded-delivery/findings.md", "sha256": "f6fa4fab53767ab540e2ce88dd6be92e54c454858144d49ac5aee5e26db5fd32", "authority": "asserted_candidate", "tracked": false, "modified": true}, {"path": "plans/bounded-delivery/progress.md", "sha256": "1ab6ff5e76201cdeaac52cf0b50e97fa3eed517125da16f207daf9bc6d03b283", "authority": "asserted_candidate", "tracked": false, "modified": true}]}

=== CLI: --project-state json (exit 3) ===
{"schema_version": "specmesh.project-state.v1", "state": "blocked", "project": {"state": "unknown", "value": null, "sources": []}, "task": {"state": "unknown", "path": "plans/bounded-delivery", "value": null, "candidates": [], "sources": []}, "goals": [], "constraints": [], "success_criteria": [], "... [total 2006 bytes]
=== CLI: --handoff json (exit 3) ===
{"schema_version": "specmesh.handoff.v1", "state": "rejected", "executable": false, "project": {"state": "known", "value": "SpecMesh project context", "sources": [{"path": "PROJECT.md", "line_start": 1, "line_end": 1, "sha256": "ef0cb65455997f3be966a5f9d5ae58d68ec476e8c9e38f81a9f19d3ad0616b60"}]}, "... [total 340747 bytes]
=== CLI: --handoff text (exit 3) ===
# SpecMesh handoff v1
state: rejected
executable: false
observed_head: d393c548a2a58989d65e6cdbd60a36e9a81a444f
expected_head: d393c548a2a58989d65e6cdbd60a36e9a81a444f
head_matches: true
scope_fingerprint: a51d6e1998b1902e8676d311928cfb21e74304c8835e9715950593bda6061ac8
project: SpecMesh project context [known; PROJECT.md:1; sha256:ef0cb65455997f3be966a5f9d5ae58d68ec476e8c9e38f81a9f19d3ad0616b60]
task: SpecMesh 独立可用版：有界交付计划 [selected; plans/bounded-delivery/task_plan.md:1; sha256:dea43a58bf30ab9... [total 27681 bytes]
=== CLI: --verify-handoff - (exit 3) ===
{"schema_version": "specmesh.handoff.v1", "verified": false, "executable": false, "state": "blocked", "issues": [{"code": "handoff_not_executable", "severity": "error", "field": "handoff", "message": "Handoff state 'rejected' is not executable."}, {"code": "evidence_failed", "severity": "error", "field": "evidence", "message": "Evidence item '本轮第一次更新进度的组合补丁因上下文匹配失败而未应用；未产生部分写入。拆成精确小块后成功，产品实现未受影响。' is marked failed."}, {"code": "evidence_failed", "severity": "error", "field": "evidence", "message": "Evidence item '失败收口的第一次组合补丁也因 task_plan 末段上下文少一个空格而整批未应用；拆分后成功，没有部分写入或产品影响。' is marked failed."}]}

